// Jest Snapshot v1, https://goo.gl/fbAQLP

exports[`matches snapshot 1`] = `
<div>
  <div
    class="Todo"
    id="1"
  >
    <div>
      <b>
        Test title.
      </b>
       
      <small>
        (priority: 
        1
        )
      </small>
    </div>
    <div>
      <small>
        This is a test description.
      </small>
    </div>
  </div>
</div>
`;
